.venv\Scripts\python.exe : C:\Users\Nexova\Desktop\AI - 
Chatbot\nexo_chatbot_V1\app\services\intent_classifier.py:5: FutureWarning: 
At line:1 char:60
+ ... hatbot_V1"; .venv\Scripts\python.exe test_orchestrator_ceo.py 2>&1 |  ...
+                 ~~~~~~~~~~~~~~~~~~~~~~~~~~~~~~~~~~~~~~~~~~~~~~~~~~~~~~
    + CategoryInfo          : NotSpecified: (C:\Users\Nexova...FutureWarning:  
   :String) [], RemoteException
    + FullyQualifiedErrorId : NativeCommandError
 

All support for the `google.generativeai` package has ended. It will no longer 
be receiving 
updates or bug fixes. Please switch to the `google.genai` package as soon as 
possible.
See README for more details:

https://github.com/google-gemini/deprecated-generative-ai-python/blob/main/READ
ME.md

  import google.generativeai as genai
{"timestamp": "2026-05-15T09:51:56.732230+00:00", "level": "WARNING", "logger": "nexo_chatbot", "message": "textblob not installed \u2014 spell checking disabled"}
{"timestamp": "2026-05-15T09:51:58.553573+00:00", "level": "INFO", "logger": "nexo_chatbot", "message": "Embedding backend: local all-MiniLM-L6-v2 (dim=384)"}
--- Testing orchestrator CEO query ---
{"timestamp": "2026-05-15T09:51:58.565455+00:00", "level": "INFO", "logger": "nexo_chatbot", "message": "Query processed"}
{"timestamp": "2026-05-15T09:51:58.565960+00:00", "level": "INFO", "logger": "nexo_chatbot", "message": "Query contains domain signal; applying domain-level heuristics."}
{"timestamp": "2026-05-15T09:51:58.566299+00:00", "level": "INFO", "logger": "nexo_chatbot", "message": "intent_classification completed"}
{"timestamp": "2026-05-15T09:51:58.566511+00:00", "level": "INFO", "logger": "nexo_chatbot", "message": "Domain retrieval for query: 'Who is the CEO of the company?'"}
Warning: You are sending unauthenticated requests to the HF Hub. Please set a 
HF_TOKEN to enable higher rate limits and faster downloads.

Loading weights:   0%|          | 0/103 [00:00<?, ?it/s]
Loading weights: 100%|##########| 103/103 [00:00<00:00, 2311.70it/s]
{"timestamp": "2026-05-15T09:52:23.104436+00:00", "level": "INFO", "logger": "nexo_chatbot", "message": "Local embedding model loaded: all-MiniLM-L6-v2"}
{"timestamp": "2026-05-15T09:52:23.170441+00:00", "level": "INFO", "logger": "nexo_chatbot", "message": "embedding completed"}
{"timestamp": "2026-05-15T09:52:23.170667+00:00", "level": "INFO", "logger": "nexo_chatbot", "message": "Query embedded successfully, vector length: 384"}
{"timestamp": "2026-05-15T09:52:25.030185+00:00", "level": "INFO", "logger": "nexo_chatbot", "message": "Qdrant connected: https://57a54363-216f-486b-a8c8-79fb68e26c51.eu-central-1-0.aws.cloud.qdrant.io"}
{"timestamp": "2026-05-15T09:52:25.447270+00:00", "level": "INFO", "logger": "nexo_chatbot", "message": "Vector search returned 2 points"}
{"timestamp": "2026-05-15T09:52:25.447507+00:00", "level": "INFO", "logger": "nexo_chatbot", "message": "vector_search completed"}
{"timestamp": "2026-05-15T09:52:25.447618+00:00", "level": "INFO", "logger": "nexo_chatbot", "message": "Vector search returned 2 chunks"}
{"timestamp": "2026-05-15T09:52:25.447709+00:00", "level": "INFO", "logger": "nexo_chatbot", "message": "Chunk scores: ['0.272', '0.266']"}
{"timestamp": "2026-05-15T09:52:25.447817+00:00", "level": "WARNING", "logger": "nexo_chatbot", "message": "BM25 model not initialized. Run on event loop executor."}
{"timestamp": "2026-05-15T09:52:25.447954+00:00", "level": "INFO", "logger": "nexo_chatbot", "message": "bm25_search completed"}
{"timestamp": "2026-05-15T09:52:25.448068+00:00", "level": "INFO", "logger": "nexo_chatbot", "message": "enhanced_reranking completed"}
{"timestamp": "2026-05-15T09:52:25.448149+00:00", "level": "INFO", "logger": "nexo_chatbot", "message": "Enhanced reranking completed: 2 chunks returned"}
{"timestamp": "2026-05-15T09:52:25.448474+00:00", "level": "INFO", "logger": "nexo_chatbot", "message": "Fallback to best-matching chunk by content for specific query"}
{"timestamp": "2026-05-15T09:52:25.452533+00:00", "level": "INFO", "logger": "nexo_chatbot", "message": "domain_retrieval completed"}
{"timestamp": "2026-05-15T09:52:25.452675+00:00", "level": "INFO", "logger": "nexo_chatbot", "message": "Attempting direct CEO extraction for query: CEO"}
{"timestamp": "2026-05-15T09:52:25.452769+00:00", "level": "INFO", "logger": "nexo_chatbot", "message": "Checking chunk content: ### 3+ Years of Enterprise Experience We have delivered..."}
{"timestamp": "2026-05-15T09:52:25.468728+00:00", "level": "INFO", "logger": "nexo_chatbot", "message": "No direct answer extracted"}
{"timestamp": "2026-05-15T09:52:25.468939+00:00", "level": "INFO", "logger": "nexo_chatbot", "message": "Attempting direct CEO extraction for query: CEO"}
{"timestamp": "2026-05-15T09:52:25.469034+00:00", "level": "INFO", "logger": "nexo_chatbot", "message": "Checking chunk content: ### 3+ Years of Enterprise Experience We have delivered..."}
{"timestamp": "2026-05-15T09:52:25.469304+00:00", "level": "INFO", "logger": "nexo_chatbot", "message": "No direct answer extracted"}
{"timestamp": "2026-05-15T09:52:25.751909+00:00", "level": "INFO", "logger": "nexo_chatbot", "message": "llm_generation completed"}
{"timestamp": "2026-05-15T09:52:25.752217+00:00", "level": "ERROR", "logger": "nexo_chatbot", "message": "LLM generation failed: 404 models/gemini-1.5-flash is not found for API version v1beta, or is not supported for generateContent. Call ListModels to see the list of available models and their supported methods.", "exception": "Traceback (most recent call last):\n  File \"C:\\Users\\Nexova\\Desktop\\AI - Chatbot\\nexo_chatbot_V1\\.venv\\Lib\\site-packages\\google\\api_core\\grpc_helpers_async.py\", line 86, in __await__\n    response = yield from self._call.__await__()\n               ^^^^^^^^^^^^^^^^^^^^^^^^^^^^^^^^^\n  File \"C:\\Users\\Nexova\\Desktop\\AI - Chatbot\\nexo_chatbot_V1\\.venv\\Lib\\site-packages\\grpc\\aio\\_interceptor.py\", line 474, in __await__\n    response = yield from call.__await__()\n               ^^^^^^^^^^^^^^^^^^^^^^^^^^^\n  File \"C:\\Users\\Nexova\\Desktop\\AI - Chatbot\\nexo_chatbot_V1\\.venv\\Lib\\site-packages\\grpc\\aio\\_call.py\", line 329, in __await__\n    raise _create_rpc_error(\n    ...<2 lines>...\n    )\ngrpc.aio._call.AioRpcError: <AioRpcError of RPC that terminated with:\n\tstatus = StatusCode.NOT_FOUND\n\tdetails = \"models/gemini-1.5-flash is not found for API version v1beta, or is not supported for generateContent. Call ListModels to see the list of available models and their supported methods.\"\n\tdebug_error_string = \"UNKNOWN:Error received from peer ipv4:216.239.32.223:443 {grpc_message:\"models/gemini-1.5-flash is not found for API version v1beta, or is not supported for generateContent. Call ListModels to see the list of available models and their supported methods.\", grpc_status:5}\"\n>\n\nThe above exception was the direct cause of the following exception:\n\nTraceback (most recent call last):\n  File \"C:\\Users\\Nexova\\Desktop\\AI - Chatbot\\nexo_chatbot_V1\\app\\services\\orchestrator.py\", line 258, in handle\n    answer, citations, token_usage = await llm_generator.generate(\n                                     ^^^^^^^^^^^^^^^^^^^^^^^^^^^^^\n    ...<5 lines>...\n    )\n    ^\n  File \"C:\\Users\\Nexova\\Desktop\\AI - Chatbot\\nexo_chatbot_V1\\app\\services\\llm_generator.py\", line 354, in generate\n    response = await self._generate_with_retry(messages)\n               ^^^^^^^^^^^^^^^^^^^^^^^^^^^^^^^^^^^^^^^^^\n  File \"C:\\Users\\Nexova\\Desktop\\AI - Chatbot\\nexo_chatbot_V1\\app\\services\\llm_generator.py\", line 208, in _generate_with_retry\n    return await self._chat_completion(\n           ^^^^^^^^^^^^^^^^^^^^^^^^^^^^\n    ...<3 lines>...\n    )\n    ^\n  File \"C:\\Users\\Nexova\\Desktop\\AI - Chatbot\\nexo_chatbot_V1\\app\\services\\llm_generator.py\", line 179, in _chat_completion\n    response = await model.generate_content_async(\n               ^^^^^^^^^^^^^^^^^^^^^^^^^^^^^^^^^^^\n    ...<2 lines>...\n    )\n    ^\n  File \"C:\\Users\\Nexova\\Desktop\\AI - Chatbot\\nexo_chatbot_V1\\.venv\\Lib\\site-packages\\google\\generativeai\\generative_models.py\", line 385, in generate_content_async\n    response = await self._async_client.generate_content(\n               ^^^^^^^^^^^^^^^^^^^^^^^^^^^^^^^^^^^^^^^^^^\n    ...<2 lines>...\n    )\n    ^\n  File \"C:\\Users\\Nexova\\Desktop\\AI - Chatbot\\nexo_chatbot_V1\\.venv\\Lib\\site-packages\\google\\ai\\generativelanguage_v1beta\\services\\generative_service\\async_client.py\", line 440, in generate_content\n    response = await rpc(\n               ^^^^^^^^^^\n    ...<4 lines>...\n    )\n    ^\n  File \"C:\\Users\\Nexova\\Desktop\\AI - Chatbot\\nexo_chatbot_V1\\.venv\\Lib\\site-packages\\google\\api_core\\retry\\retry_unary_async.py\", line 231, in retry_wrapped_func\n    return await retry_target(\n           ^^^^^^^^^^^^^^^^^^^\n    ...<5 lines>...\n    )\n    ^\n  File \"C:\\Users\\Nexova\\Desktop\\AI - Chatbot\\nexo_chatbot_V1\\.venv\\Lib\\site-packages\\google\\api_core\\retry\\retry_unary_async.py\", line 163, in retry_target\n    next_sleep = _retry_error_helper(\n        exc,\n    ...<6 lines>...\n        timeout,\n    )\n  File \"C:\\Users\\Nexova\\Desktop\\AI - Chatbot\\nexo_chatbot_V1\\.venv\\Lib\\site-packages\\google\\api_core\\retry\\retry_base.py\", line 216, in _retry_error_helper\n    raise final_exc from source_exc\n  File \"C:\\Users\\Nexova\\Desktop\\AI - Chatbot\\nexo_chatbot_V1\\.venv\\Lib\\site-packages\\google\\api_core\\retry\\retry_unary_async.py\", line 158, in retry_target\n    return await target()\n           ^^^^^^^^^^^^^^\n  File \"C:\\Users\\Nexova\\Desktop\\AI - Chatbot\\nexo_chatbot_V1\\.venv\\Lib\\site-packages\\google\\api_core\\grpc_helpers_async.py\", line 89, in __await__\n    raise exceptions.from_grpc_error(rpc_error) from rpc_error\ngoogle.api_core.exceptions.NotFound: 404 models/gemini-1.5-flash is not found for API version v1beta, or is not supported for generateContent. Call ListModels to see the list of available models and their supported methods."}
{"timestamp": "2026-05-15T09:52:25.765388+00:00", "level": "INFO", "logger": "nexo_chatbot", "message": "Attempting direct CEO extraction for query: CEO"}
{"timestamp": "2026-05-15T09:52:25.765541+00:00", "level": "INFO", "logger": "nexo_chatbot", "message": "Checking chunk content: ### 3+ Years of Enterprise Experience We have delivered..."}
{"timestamp": "2026-05-15T09:52:25.765967+00:00", "level": "INFO", "logger": "nexo_chatbot", "message": "No direct answer extracted"}
{"timestamp": "2026-05-15T09:52:25.766118+00:00", "level": "INFO", "logger": "nexo_chatbot", "message": "LLM generation failed for domain query, falling back to search"}
{"timestamp": "2026-05-15T09:52:25.766475+00:00", "level": "WARNING", "logger": "nexo_chatbot", "message": "Tavily search failed: 'NoneType' object has no attribute 'post'"}
{"timestamp": "2026-05-15T09:52:25.766602+00:00", "level": "WARNING", "logger": "nexo_chatbot", "message": "SerpAPI search failed: 'NoneType' object has no attribute 'get'"}
{"timestamp": "2026-05-15T09:52:25.766760+00:00", "level": "WARNING", "logger": "nexo_chatbot", "message": "No web search API configured"}
{"timestamp": "2026-05-15T09:52:25.941124+00:00", "level": "ERROR", "logger": "nexo_chatbot", "message": "Search fallback also failed: 404 models/gemini-1.5-flash is not found for API version v1beta, or is not supported for generateContent. Call ListModels to see the list of available models and their supported methods."}
Task exception was never retrieved
future: <Task finished name='Task-6' coro=<MongoService.save_chat() done, 
defined at C:\Users\Nexova\Desktop\AI - 
Chatbot\nexo_chatbot_V1\app\services\mongodb.py:30> 
exception=TypeError("'NoneType' object is not subscriptable")>
Traceback (most recent call last):
  File "C:\Users\Nexova\Desktop\AI - 
Chatbot\nexo_chatbot_V1\app\services\mongodb.py", line 44, in save_chat
    result = await self._col("chat_history").insert_one(doc)
                   ~~~~~~~~~^^^^^^^^^^^^^^^^
  File "C:\Users\Nexova\Desktop\AI - 
Chatbot\nexo_chatbot_V1\app\services\mongodb.py", line 26, in _col
    return self._db[name]
           ~~~~~~~~^^^^^^
TypeError: 'NoneType' object is not subscriptable
Answer: The requested information is not available in the provided documents.
Sources count: 0
Intent: Intent.DOMAIN
Confidence: 0.65
